2000/01/01, +2
aggregate string [3]
0 => 20000101
1 => 20000102
2 => 20000103

2000/01/01, -2
aggregate string [3]
0 => 19991230
1 => 19991231
2 => 20000101
